// Jest Snapshot v1, https://goo.gl/fbAQLP

exports[`components/common/Heading/WithSymbolHeading Snapshot 1`] = `
<DocumentFragment>
  <header
    class=""
  >
    <svg
      aria-label="株式会社グローイングアイランズのロゴシンボル"
      class=""
      viewBox="0 0 15.63 17.45"
      xmlns="http://www.w3.org/2000/svg"
    >
      <g>
        <path
          d="M15.63,2a2,2,0,1,1-2-2A2,2,0,0,1,15.63,2Z"
        />
        <path
          d="M11.54,7l.32.27a1.73,1.73,0,0,0,.48-1.21,1.78,1.78,0,0,0-1.78-1.78A1.8,1.8,0,0,0,9,5.22l.2.14Z"
        />
        <path
          d="M11.86,7.3a1.75,1.75,0,0,1-1.3.57A1.78,1.78,0,0,1,8.78,6.09,1.81,1.81,0,0,1,9,5.22L6.87,3.69A2.62,2.62,0,0,0,4.1,3.42a2.65,2.65,0,0,0-.93.8,3.2,3.2,0,0,0-.55,1.84s0,3.59,0,4.53L.88,13A1,1,0,0,0,0,14a1.11,1.11,0,0,0,.48.9L3,16.71a1.07,1.07,0,0,0,1.5-.19,1,1,0,0,0,.15-.78l1.79-2.5,4.21-1.42h0a3.17,3.17,0,0,0,1.57-1.12,2.55,2.55,0,0,0-.36-3.4Zm-1.43,3.87L6,12.66l-2.15,3a.38.38,0,0,1,.08.46.38.38,0,0,1-.53,0L.88,14.34a.38.38,0,0,1-.14-.51.37.37,0,0,1,.46-.07l2.12-2.95V9.94H5c.43,0,.63-.4.22-.79a1.42,1.42,0,0,1,.94-2.49A1.43,1.43,0,0,1,7.54,8.08a1.41,1.41,0,0,1-.48,1.07c-.42.39-.21.79.22.79h4.58A2.32,2.32,0,0,1,10.43,11.17Z"
        />
      </g>
      <ellipse
        cx="7.1"
        cy="16.93"
        rx="4.43"
        ry="0.52"
      />
    </svg>
    <h3>
      test
    </h3>
  </header>
</DocumentFragment>
`;
