// Jest Snapshot v1, https://goo.gl/fbAQLP

exports[`components/common/Buttons/FixedToTopButton/ToTopButton Snapshot 1`] = `
<DocumentFragment>
  <button
    class=""
    data-testid="button"
  />
</DocumentFragment>
`;
