// Jest Snapshot v1, https://goo.gl/fbAQLP

exports[`components/ses/Advantage Snapshot 1`] = `
<DocumentFragment>
  <div
    class=""
    id="advantage"
  >
    <div
      class="l-wrap"
    >
      <div
        class="l-inner"
      >
        <div
          class="hidden tablet:block"
          data-testid="component"
        >
          <div
            class=""
          >
            <div>
              <span
                translate="no"
              >
                Advantage
              </span>
              <hr />
              <span>
                グローイングアイランズのSES 3つの強み
              </span>
            </div>
          </div>
        </div>
        <header
          data-aos="fade-up"
        >
          <h2>
            グローイングアイランズのSES 3つの強み
          </h2>
        </header>
        <div
          data-aos="fade-up"
        >
          <div>
            <img
              alt="Object"
              height="1029"
              placeholder="blur"
              src="test-file-stub"
              width="1029"
            />
          </div>
          <div
            class=""
          >
            <div>
              <svg
                aria-label="株式会社グローイングアイランズのロゴシンボル"
                viewBox="0 0 15.63 17.45"
                xmlns="http://www.w3.org/2000/svg"
              >
                <defs>
                  <lineargradient
                    id="gradient-1-generate-test-id"
                    x1="0"
                    x2="0"
                    y1="0"
                    y2="1"
                  >
                    <stop
                      offset="0.5"
                      stop-color="white"
                      stop-opacity="0"
                    />
                    <stop
                      offset="1"
                      stop-color="white"
                      stop-opacity="1"
                    />
                  </lineargradient>
                  <lineargradient
                    id="gradient-2-generate-test-id"
                    x1="0"
                    x2="0"
                    y1="0"
                    y2="1"
                  >
                    <stop
                      offset="0"
                      stop-color="white"
                      stop-opacity="0"
                    />
                    <stop
                      offset="0.5"
                      stop-color="white"
                      stop-opacity="1"
                    />
                  </lineargradient>
                  <mask
                    id="mask-1-generate-test-id"
                  >
                    <rect
                      fill="url(#gradient-1-generate-test-id)"
                      height="17.45"
                      width="15.63"
                      x="0"
                      y="0"
                    />
                  </mask>
                  <mask
                    id="mask-2-generate-test-id"
                  >
                    <rect
                      fill="url(#gradient-2-generate-test-id)"
                      height="17.45"
                      width="15.63"
                      x="0"
                      y="0"
                    />
                  </mask>
                </defs>
                <g>
                  <path
                    d="M15.63,2a2,2,0,1,1-2-2A2,2,0,0,1,15.63,2Z"
                  />
                  <path
                    d="M11.54,7l.32.27a1.73,1.73,0,0,0,.48-1.21,1.78,1.78,0,0,0-1.78-1.78A1.8,1.8,0,0,0,9,5.22l.2.14Z"
                  />
                  <path
                    d="M11.86,7.3a1.75,1.75,0,0,1-1.3.57A1.78,1.78,0,0,1,8.78,6.09,1.81,1.81,0,0,1,9,5.22L6.87,3.69A2.62,2.62,0,0,0,4.1,3.42a2.65,2.65,0,0,0-.93.8,3.2,3.2,0,0,0-.55,1.84s0,3.59,0,4.53L.88,13A1,1,0,0,0,0,14a1.11,1.11,0,0,0,.48.9L3,16.71a1.07,1.07,0,0,0,1.5-.19,1,1,0,0,0,.15-.78l1.79-2.5,4.21-1.42h0a3.17,3.17,0,0,0,1.57-1.12,2.55,2.55,0,0,0-.36-3.4Zm-1.43,3.87L6,12.66l-2.15,3a.38.38,0,0,1,.08.46.38.38,0,0,1-.53,0L.88,14.34a.38.38,0,0,1-.14-.51.37.37,0,0,1,.46-.07l2.12-2.95V9.94H5c.43,0,.63-.4.22-.79a1.42,1.42,0,0,1,.94-2.49A1.43,1.43,0,0,1,7.54,8.08a1.41,1.41,0,0,1-.48,1.07c-.42.39-.21.79.22.79h4.58A2.32,2.32,0,0,1,10.43,11.17Z"
                  />
                </g>
                <g
                  mask="url(#mask-2-generate-test-id)"
                >
                  <path
                    d="M15.63,2a2,2,0,1,1-2-2A2,2,0,0,1,15.63,2Z"
                  />
                  <path
                    d="M11.54,7l.32.27a1.73,1.73,0,0,0,.48-1.21,1.78,1.78,0,0,0-1.78-1.78A1.8,1.8,0,0,0,9,5.22l.2.14Z"
                  />
                  <path
                    d="M11.86,7.3a1.75,1.75,0,0,1-1.3.57A1.78,1.78,0,0,1,8.78,6.09,1.81,1.81,0,0,1,9,5.22L6.87,3.69A2.62,2.62,0,0,0,4.1,3.42a2.65,2.65,0,0,0-.93.8,3.2,3.2,0,0,0-.55,1.84s0,3.59,0,4.53L.88,13A1,1,0,0,0,0,14a1.11,1.11,0,0,0,.48.9L3,16.71a1.07,1.07,0,0,0,1.5-.19,1,1,0,0,0,.15-.78l1.79-2.5,4.21-1.42h0a3.17,3.17,0,0,0,1.57-1.12,2.55,2.55,0,0,0-.36-3.4Zm-1.43,3.87L6,12.66l-2.15,3a.38.38,0,0,1,.08.46.38.38,0,0,1-.53,0L.88,14.34a.38.38,0,0,1-.14-.51.37.37,0,0,1,.46-.07l2.12-2.95V9.94H5c.43,0,.63-.4.22-.79a1.42,1.42,0,0,1,.94-2.49A1.43,1.43,0,0,1,7.54,8.08a1.41,1.41,0,0,1-.48,1.07c-.42.39-.21.79.22.79h4.58A2.32,2.32,0,0,1,10.43,11.17Z"
                  />
                </g>
                <g
                  mask="url(#mask-1-generate-test-id)"
                >
                  <path
                    d="M15.63,2a2,2,0,1,1-2-2A2,2,0,0,1,15.63,2Z"
                  />
                  <path
                    d="M11.54,7l.32.27a1.73,1.73,0,0,0,.48-1.21,1.78,1.78,0,0,0-1.78-1.78A1.8,1.8,0,0,0,9,5.22l.2.14Z"
                  />
                  <path
                    d="M11.86,7.3a1.75,1.75,0,0,1-1.3.57A1.78,1.78,0,0,1,8.78,6.09,1.81,1.81,0,0,1,9,5.22L6.87,3.69A2.62,2.62,0,0,0,4.1,3.42a2.65,2.65,0,0,0-.93.8,3.2,3.2,0,0,0-.55,1.84s0,3.59,0,4.53L.88,13A1,1,0,0,0,0,14a1.11,1.11,0,0,0,.48.9L3,16.71a1.07,1.07,0,0,0,1.5-.19,1,1,0,0,0,.15-.78l1.79-2.5,4.21-1.42h0a3.17,3.17,0,0,0,1.57-1.12,2.55,2.55,0,0,0-.36-3.4Zm-1.43,3.87L6,12.66l-2.15,3a.38.38,0,0,1,.08.46.38.38,0,0,1-.53,0L.88,14.34a.38.38,0,0,1-.14-.51.37.37,0,0,1,.46-.07l2.12-2.95V9.94H5c.43,0,.63-.4.22-.79a1.42,1.42,0,0,1,.94-2.49A1.43,1.43,0,0,1,7.54,8.08a1.41,1.41,0,0,1-.48,1.07c-.42.39-.21.79.22.79h4.58A2.32,2.32,0,0,1,10.43,11.17Z"
                  />
                </g>
                <ellipse
                  cx="7.1"
                  cy="16.93"
                  rx="4.43"
                  ry="0.52"
                />
              </svg>
            </div>
            <p>
              YumeLab's
              <br />
              SES
            </p>
          </div>
          <ol>
            <li
              class=""
            >
              <div />
              <h3>
                代表自身が
                <br
                  class="tablet:hidden"
                />
                エンジニア
              </h3>
              <p>
                弊社代表が現役エンジニアです。現場で
                <br />
                気をつけるべきポイント、案件としてど
                <br />
                う伝えるべきか等、総合的にフォロー
                <br />
                アップいたします。
              </p>
            </li>
            <li
              class=""
            >
              <div />
              <h3>
                マネジメント
              </h3>
              <p>
                現場に入って頂いている間、弊社代表が
                <br />
                しっかりとマネジメントを行い、双方に
                <br />
                トラブルのない、良い信頼関係を構築し
                <br />
                て参ります。
              </p>
            </li>
            <li
              class=""
            >
              <div />
              <h3>
                長期稼働
              </h3>
              <p>
                信頼できるお客様に対し、しっかりとコミュ
                <br />
                ニケーションの取れたエンジニア様を紹介し
                <br />
                ておりますので、結果多くの案件で長期稼働
                <br />
                となっております。
              </p>
            </li>
          </ol>
          <div>
            <div>
              <img
                alt="代表自身がエンジニア"
                height="132"
                placeholder="blur"
                src="test-file-stub"
                width="132"
              />
            </div>
            <div>
              <img
                alt="マネジメント"
                height="128"
                placeholder="blur"
                src="test-file-stub"
                width="128"
              />
            </div>
            <div>
              <img
                alt="長期稼働"
                height="144"
                placeholder="blur"
                src="test-file-stub"
                width="144"
              />
            </div>
          </div>
        </div>
        <ol
          class="tablet:hidden"
          data-aos="fade-up"
        >
          <li
            class=""
          >
            <h3>
              代表自身がエンジニア
            </h3>
            <p>
              弊社代表が現役エンジニアです。
              <br />
              現場で気をつけるべきポイント、案件としてどう伝えるべきか等、
              <br />
              総合的にフォローアップいたします。
            </p>
          </li>
          <li
            class=""
          >
            <h3>
              マネジメント
            </h3>
            <p>
              現場に入って頂いている間、弊社代表がしっかりと
              <br />
              マネジメントを行い、双方にトラブルのない、
              <br />
              良い信頼関係を構築して参ります。
            </p>
          </li>
          <li
            class=""
          >
            <h3>
              長期稼働
            </h3>
            <p>
              信頼できるお客様に対し、しっかりと
              <br />
              コミュニケーションの取れたエンジニア様を紹介しておりますので、
              <br />
              結果多くの案件で長期稼働となっております。
            </p>
          </li>
        </ol>
      </div>
    </div>
  </div>
</DocumentFragment>
`;
