// Jest Snapshot v1, https://goo.gl/fbAQLP

exports[`components/common/LineBreakText Snapshot 1`] = `
<DocumentFragment>
  <p
    class=""
    data-testid="component"
  >
    これはテストです。
  </p>
</DocumentFragment>
`;
