// Jest Snapshot v1, https://goo.gl/fbAQLP

exports[`components/common/Heading/ColumnHeading Snapshot 1`] = `
<DocumentFragment>
  <div
    class=""
  >
    <div>
      <span
        translate="no"
      >
        Text
      </span>
      <hr />
      <span>
        テスト
      </span>
    </div>
  </div>
</DocumentFragment>
`;
