// Jest Snapshot v1, https://goo.gl/fbAQLP

exports[`components/common/Accordion Snapshot 1`] = `
<DocumentFragment>
  <div
    class=""
  >
    <div>
      <div>
        <span>
          Q
        </span>
        <p>
          test
        </p>
        <button
          class=""
        />
      </div>
      <div
        aria-hidden="true"
        style="height: 0px; overflow: hidden;"
      >
        <div>
          <span>
            A
          </span>
          <p>
            test
          </p>
        </div>
      </div>
    </div>
  </div>
</DocumentFragment>
`;
