// Jest Snapshot v1, https://goo.gl/fbAQLP

exports[`components/common/LeadContact Snapshot 1`] = `
<DocumentFragment>
  <div
    class=""
    id="contact"
  >
    <div
      class="l-wrap"
    >
      <div
        class="l-inner"
      >
        <p
          class=""
          data-aos="fade-up"
          data-testid="component"
        >
          test text
        </p>
        <div
          data-aos="fade-up"
        >
          <a
            class=""
            data-testid="button"
          >
            <span>
              お問い合わせはこちら
            </span>
            <span />
          </a>
        </div>
      </div>
    </div>
  </div>
</DocumentFragment>
`;
