// Jest Snapshot v1, https://goo.gl/fbAQLP

exports[`components/ses/MainVisual Snapshot 1`] = `
<DocumentFragment>
  <div
    class=""
  >
    <div
      class="l-wrap"
    >
      <div
        class="l-inner"
      >
        <header>
          <h1>
            グローイングアイランズのSES
          </h1>
          <p>
            YumeLab's SES
          </p>
        </header>
      </div>
    </div>
  </div>
  <div
    class="tablet:hidden"
  >
    <img
      alt="グローイングアイランズのSESのイメージ"
      height="297"
      layout="responsive"
      placeholder="blur"
      src="test-file-stub"
      width="375"
    />
  </div>
  <div
    class="hidden tablet:block"
  >
    <img
      alt="グローイングアイランズのSESのイメージ"
      height="918"
      layout="responsive"
      placeholder="blur"
      src="test-file-stub"
      width="1920"
    />
  </div>
</DocumentFragment>
`;
